[2344862.mya5.ru/index.html]
[backblue.gif]
[fade.gif]
[index.html]
[2344862.mya5.ru/static/css/core.minf646.css]
[2344862.mya5.ru/static/assets/components-static.minf646.css]
[2344862.mya5.ru/_/css/2.css]
[2344862.mya5.ru/static/css/font-awesome-4.7.0/css/font-awesome.min.css]
[2344862.mya5.ru/static/img/logo.png]
[cs01.services.mya5.ru/DwABAIQAzQRWAc0BuP_D-w8/JWvATFSKZCJ_VRaPwFKU4g/sv/image/b8/ba/c4/832097/2/slider-13b2c.jpg]
[cs01.services.mya5.ru/DwABAIQAzQRWAc0BuP_D-w8/44gSc-YciccoGD8vWuzANg/sv/image/a7/af/76/832097/3/slider-23b2c.jpg]
[cs01.services.mya5.ru/DwABAIQAzQRWAc0BuP_D-w8/teE3A1uJ9PzxvQveJw5Tlg/sv/image/59/cb/cd/832097/4/slider-33b2c.jpg]
[2344862.mya5.ru/static/img/wallop-slider__btn-wallop-slider__btn--pause.png]
[cs01.services.mya5.ru/DgABAIQAzQEOAczw_8P7Dw/9B6iTF624-ZkhyLVZzpwHg/sv/image/57/08/11/832097/29/Ювелирная_мастерская__1_-removebg-preview3b2c.png]
[an.yandex.ru/system/context.js]
[2344862.mya5.ru/preskurant/index.html]
[2344862.mya5.ru/static/assets/lib.minf646.js]
[2344862.mya5.ru/static/a5_editor_coref646.js]
[2344862.mya5.ru/index.html]
[2344862.mya5.ru/static/assets/components-static.minf646.js]
[fonts.googleapis.com/css.0c81c.delayed]
[2344862.mya5.ru/static/css/core.minf646.css]
[cdn.jsdelivr.net/npm/yandex-metrica-watch/tag.js]
[2344862.mya5.ru/static/img/loader_gray.gif]
[2344862.mya5.ru/static/assets/components-static.minf646.css]
[2344862.mya5.ru/static/img/sb.png]
[2344862.mya5.ru/_/css/2.css]
[2344862.mya5.ru/static/css/font-awesome-4.7.0/fonts/fontawesome-webfont3e6e.eot]
[2344862.mya5.ru/static/css/font-awesome-4.7.0/fonts/fontawesome-webfontd41d.eot]
[2344862.mya5.ru/static/css/font-awesome-4.7.0/fonts/fontawesome-webfont3e6e.woff2]
[2344862.mya5.ru/static/css/font-awesome-4.7.0/fonts/fontawesome-webfont3e6e.woff]
[2344862.mya5.ru/static/css/font-awesome-4.7.0/fonts/fontawesome-webfont3e6e.ttf]
[2344862.mya5.ru/static/css/font-awesome-4.7.0/css/font-awesome.min.css]
[2344862.mya5.ru/_/css/11.css]
[2344862.mya5.ru/preskurant/index.html]
[2344862.mya5.ru/static/css/font-awesome-4.7.0/fonts/fontawesome-webfont3e6e.svg]
[2344862.mya5.ru/_/css/11.css]
